skip 02_overlap, already done

=== 03_classical ===
logreg loco_raw spamassassin 0.9474 removed 0
logreg loco_clean spamassassin 0.8398 removed 3198
logreg loco_random spamassassin 0.9472 removed 3198
logreg loco_raw ceas08 0.833 removed 0
logreg loco_clean ceas08 0.832 removed 17
logreg loco_random ceas08 0.8328 removed 17
logreg loco_raw trec07 0.8708 removed 0
logreg loco_clean trec07 0.8708 removed 9
logreg loco_random trec07 0.871 removed 9
logreg loco_raw ling 0.9623 removed 0
logreg loco_clean ling 0.8413 removed 1460
logreg loco_random ling 0.9603 removed 1460
logreg loco_raw enron 0.9723 removed 0
logreg loco_clean enron 0.911 removed 6371
logreg loco_random enron 0.9702 removed 6371
logreg loco_raw kaggle 0.9759 removed 0
logreg loco_clean kaggle 0.9266 removed 11206
logreg loco_random kaggle 0.9718 removed 11206
logreg loco_raw nazario 0.825 removed 0
logreg loco_raw nigerian 0.9964 removed 0
logreg loco_raw ephishllm 0.6747 removed 0
logreg loco_raw ephishllm_it 0.5904 removed 0
logreg loco_raw ephishllm_de 0.6388 removed 0
logreg loco_raw ephishllm_nolink 0.6351 removed 0
logreg loco_raw ephishllm_url 0.6351 removed 0
logreg loco_clean nazario 0.825 removed 0
logreg loco_clean nigerian 0.9964 removed 87
logreg loco_clean ephishllm 0.6747 removed 0
logreg loco_clean ephishllm_it 0.5904 removed 0
logreg loco_clean ephishllm_de 0.6388 removed 0
logreg loco_clean ephishllm_nolink 0.6351 removed 0
logreg loco_clean ephishllm_url 0.6351 removed 0
logreg loco_random nigerian 0.9964 removed 87
naive_bayes loco_raw spamassassin 0.9359 removed 0
naive_bayes loco_clean spamassassin 0.8789 removed 3198
naive_bayes loco_random spamassassin 0.9352 removed 3198
naive_bayes loco_raw ceas08 0.8255 removed 0
naive_bayes loco_clean ceas08 0.8256 removed 17
naive_bayes loco_random ceas08 0.8258 removed 17
naive_bayes loco_raw trec07 0.8276 removed 0
naive_bayes loco_clean trec07 0.8271 removed 9
naive_bayes loco_random trec07 0.8265 removed 9
naive_bayes loco_raw ling 0.9824 removed 0
naive_bayes loco_clean ling 0.9359 removed 1460
naive_bayes loco_random ling 0.9813 removed 1460
naive_bayes loco_raw enron 0.9545 removed 0
naive_bayes loco_clean enron 0.8974 removed 6371
naive_bayes loco_random enron 0.9533 removed 6371
naive_bayes loco_raw kaggle 0.967 removed 0
naive_bayes loco_clean kaggle 0.9444 removed 11206
naive_bayes loco_random kaggle 0.965 removed 11206
naive_bayes loco_raw nazario 0.7878 removed 0
naive_bayes loco_raw nigerian 0.9948 removed 0
naive_bayes loco_raw ephishllm 0.6409 removed 0
naive_bayes loco_raw ephishllm_it 0.5802 removed 0
naive_bayes loco_raw ephishllm_de 0.5949 removed 0
naive_bayes loco_raw ephishllm_nolink 0.6307 removed 0
naive_bayes loco_raw ephishllm_url 0.6134 removed 0
naive_bayes loco_clean nazario 0.7878 removed 0
naive_bayes loco_clean nigerian 0.9945 removed 87
naive_bayes loco_clean ephishllm 0.6409 removed 0
naive_bayes loco_clean ephishllm_it 0.5802 removed 0
naive_bayes loco_clean ephishllm_de 0.5949 removed 0
naive_bayes loco_clean ephishllm_nolink 0.6307 removed 0
naive_bayes loco_clean ephishllm_url 0.6134 removed 0
naive_bayes loco_random nigerian 0.9948 removed 87
pairwise done for spamassassin
pairwise done for ceas08
pairwise done for trec07
pairwise done for ling
pairwise done for enron
pairwise done for kaggle
saved classical results
[progress] 03_classical done. 26.5 min

=== 04_distilbert ===
/Users/sinha/Downloads/uiu/cn/.venv/lib/python3.9/site-packages/urllib3/__init__.py:35: NotOpenSSLWarning: urllib3 v2 only supports OpenSSL 1.1.1+, currently the 'ssl' module is compiled with 'LibreSSL 2.8.3'. See: https://github.com/urllib3/urllib3/issues/3020
  warnings.warn(
Some weights of DistilBertForSequenceClassification were not initialized from the model checkpoint at distilbert-base-uncased and are newly initialized: ['classifier.bias', 'classifier.weight', 'pre_classifier.bias', 'pre_classifier.weight']
You should probably TRAIN this model on a down-stream task to be able to use it for predictions and inference.
loco_raw spamassassin acc 0.933 train 5000 in 617 s
Some weights of DistilBertForSequenceClassification were not initialized from the model checkpoint at distilbert-base-uncased and are newly initialized: ['classifier.bias', 'classifier.weight', 'pre_classifier.bias', 'pre_classifier.weight']
You should probably TRAIN this model on a down-stream task to be able to use it for predictions and inference.
loco_raw ceas08 acc 0.843 train 5000 in 1001 s
Some weights of DistilBertForSequenceClassification were not initialized from the model checkpoint at distilbert-base-uncased and are newly initialized: ['classifier.bias', 'classifier.weight', 'pre_classifier.bias', 'pre_classifier.weight']
You should probably TRAIN this model on a down-stream task to be able to use it for predictions and inference.
loco_raw trec07 acc 0.93 train 5000 in 783 s
Some weights of DistilBertForSequenceClassification were not initialized from the model checkpoint at distilbert-base-uncased and are newly initialized: ['classifier.bias', 'classifier.weight', 'pre_classifier.bias', 'pre_classifier.weight']
You should probably TRAIN this model on a down-stream task to be able to use it for predictions and inference.
loco_raw ling acc 0.97 train 5000 in 1855 s
Some weights of DistilBertForSequenceClassification were not initialized from the model checkpoint at distilbert-base-uncased and are newly initialized: ['classifier.bias', 'classifier.weight', 'pre_classifier.bias', 'pre_classifier.weight']
You should probably TRAIN this model on a down-stream task to be able to use it for predictions and inference.
loco_raw enron acc 0.927 train 5000 in 874 s
Some weights of DistilBertForSequenceClassification were not initialized from the model checkpoint at distilbert-base-uncased and are newly initialized: ['classifier.bias', 'classifier.weight', 'pre_classifier.bias', 'pre_classifier.weight']
You should probably TRAIN this model on a down-stream task to be able to use it for predictions and inference.
loco_raw kaggle acc 0.96 train 5000 in 596 s
Some weights of DistilBertForSequenceClassification were not initialized from the model checkpoint at distilbert-base-uncased and are newly initialized: ['classifier.bias', 'classifier.weight', 'pre_classifier.bias', 'pre_classifier.weight']
You should probably TRAIN this model on a down-stream task to be able to use it for predictions and inference.
Traceback (most recent call last):
  File "/Users/sinha/Downloads/uiu/cn/code/final/04_distilbert_loco.py", line 164, in <module>
    main()
  File "/Users/sinha/Downloads/uiu/cn/code/final/04_distilbert_loco.py", line 151, in main
    for test in extra:
NameError: name 'extra' is not defined
04_distilbert failed with code 1, stopping so it can be resumed
